<testsuites id="" name="" tests="1" failures="0" skipped="0" errors="0" time="1.7227649999856949">
<testsuite name="saucedemo/checkout.spec.ts" timestamp="2026-08-02T05:47:19.437Z" hostname="saucedemo-chromium" tests="1" failures="0" skipped="0" time="0.918" errors="0">
<testcase name="SauceDemo Checkout Tests › End-to-End Scenario › should purchase multiple products" classname="saucedemo/checkout.spec.ts" time="0.918">
</testcase>
</testsuite>
</testsuites>